// Jest Snapshot v1, https://goo.gl/fbAQLP

exports[`should render Header correctly 1`] = `
<header
  className="header"
>
  <div
    className="content-container"
  >
    <div
      className="header__content"
    >
      <Link
        className="header__title"
        replace={false}
        to="/dashboard"
      >
        <h1>
          Budget Control
        </h1>
      </Link>
      <div
        className="header__link-container"
      >
        <button
          className="button button--link"
          onClick={[Function]}
        >
          Logout
        </button>
        <Link
          className="header__link align-bottom"
          replace={false}
          to="/dsgvo"
        >
          <p>
            Datenschutzerkl√§rung
          </p>
        </Link>
      </div>
    </div>
  </div>
</header>
`;
